arr.c
atomic.c
condfn.c
cpl_convert.c
csmith.c
csmith2.c
dereffp.c
dmesg.c
enums.c
esc_e.c
for.c
for2.c
fp.c
func.c
incfp.c
incfp2.c
int.c
null.c
objv.c
ovf.c
paramarray.c
paramarray2.c
select.c
sizeof.c
sizeof2.c
sqlite.c
sqlite2.c
struct.c
struct2.c
tk.c
union.c
union2.c
union3.c
