cpl_convert.c
enums.c
fp.c
func.c
objv.c
ovf.c
paramarray.c
paramarray2.c
sizeof.c
sizeof2.c
sqlite.c
sqlite2.c
struct.c
tk.c
