20010114-2.c
20030331-1.c
20041213-1.c
builtin-nan-1.c
compare-fp-2.c
fp-cmp-4e.c
fp-cmp-8e.c
inf-2.c
pr29302-1.c
pr30704.c
pr67218.c
pr72824.c
pr84235.c
unsafe-fp-assoc-1.c
unsafe-fp-assoc.c
