20000112-1.c
20000121-1.c
20000205-1.c
20000217-1.c
20000223-1.c
20000224-1.c
20000225-1.c
20000227-1.c
20000313-1.c
20000314-1.c
20000314-2.c
20000314-3.c
20000402-1.c
20000403-1.c
20000412-1.c
20000412-2.c
20000412-3.c
20000412-4.c
20000412-5.c
20000412-6.c
20000419-1.c
20000422-1.c
20000503-1.c
20000511-1.c
20000519-1.c
20000519-2.c
20000523-1.c
20000528-1.c
20000603-1.c
20000605-1.c
20000605-2.c
20000605-3.c
20000622-1.c
20000703-1.c
20000706-1.c
20000706-2.c
20000706-3.c
20000706-4.c
20000706-5.c
20000707-1.c
20000715-1.c
20000715-2.c
20000717-1.c
20000717-2.c
20000717-3.c
20000717-4.c
20000717-5.c
20000722-1.c
20000726-1.c
20000731-1.c
20000731-2.c
20000801-1.c
20000801-2.c
20000801-4.c
20000808-1.c
20000815-1.c
20000818-1.c
20000819-1.c
20000910-1.c
20000910-2.c
20000914-1.c
20000917-1.c
20001009-1.c
20001011-1.c
20001013-1.c
20001017-1.c
20001017-2.c
20001024-1.c
20001026-1.c
20001027-1.c
20001031-1.c
20001101.c
20001108-1.c
20001111-1.c
20001112-1.c
20001121-1.c
20001124-1.c
20001130-1.c
20001130-2.c
20001203-1.c
20001203-2.c
20001221-1.c
20001228-1.c
20001229-1.c
20010106-1.c
20010114-1.c
20010116-1.c
20010118-1.c
20010119-1.c
20010123-1.c
20010129-1.c
20010206-1.c
20010221-1.c
20010222-1.c
20010224-1.c
20010325-1.c
20010329-1.c
20010403-1.c
20010409-1.c
20010422-1.c
20010518-1.c
20010518-2.c
20010520-1.c
20010604-1.c
20010711-1.c
20010717-1.c
20010723-1.c
20010910-1.c
20010915-1.c
20010925-1.c
20011008-3.c
20011019-1.c
20011024-1.c
20011109-1.c
20011109-2.c
20011113-1.c
20011114-1.c
20011115-1.c
20011121-1.c
20011126-1.c
20011126-2.c
20011128-1.c
20011217-1.c
20011219-1.c
20011223-1.c
20020103-1.c
20020108-1.c
20020118-1.c
20020127-1.c
20020129-1.c
20020201-1.c
20020206-1.c
20020213-1.c
20020215-1.c
20020216-1.c
20020219-1.c
20020225-1.c
20020225-2.c
20020226-1.c
20020307-1.c
20020321-1.c
20020328-1.c
20020402-1.c
20020402-2.c
20020402-3.c
20020404-1.c
20020406-1.c
20020413-1.c
20020418-1.c
20020423-1.c
20020503-1.c
20020506-1.c
20020508-1.c
20020508-2.c
20020508-3.c
20020510-1.c
20020529-1.c
20020611-1.c
20020614-1.c
20020615-1.c
20020619-1.c
20020716-1.c
20020720-1.c
20020805-1.c
20020810-1.c
20020819-1.c
20020904-1.c
20020911-1.c
20020916-1.c
20020920-1.c
20021010-1.c
20021010-2.c
20021011-1.c
20021015-1.c
20021024-1.c
20021111-1.c
20021118-1.c
20021118-2.c
20021118-3.c
20021119-1.c
20021120-2.c
20021120-3.c
20021204-1.c
20021219-1.c
20030105-1.c
20030117-1.c
20030120-1.c
20030120-2.c
20030125-1.c
20030203-1.c
20030209-1.c
20030216-1.c
20030218-1.c
20030221-1.c
20030224-2.c
20030307-1.c
20030313-1.c
20030316-1.c
20030330-1.c
20030401-1.c
20030403-1.c
20030404-1.c
20030408-1.c
20030606-1.c
20030613-1.c
20030626-1.c
20030626-2.c
20030714-1.c
20030715-1.c
20030717-1.c
20030718-1.c
20030811-1.c
20030821-1.c
20030828-1.c
20030828-2.c
20030903-1.c
20030909-1.c
20030913-1.c
20030914-1.c
20030914-2.c
20030916-1.c
20030920-1.c
20030928-1.c
20031010-1.c
20031011-1.c
20031012-1.c
20031020-1.c
20031201-1.c
20031204-1.c
20031211-1.c
20031211-2.c
20031214-1.c
20031215-1.c
20031216-1.c
20040208-1.c
20040218-1.c
20040307-1.c
20040309-1.c
20040311-1.c
20040313-1.c
20040319-1.c
20040331-1.c
20040409-1.c
20040409-1w.c
20040409-2.c
20040409-2w.c
20040409-3.c
20040409-3w.c
20040625-1.c
20040703-1.c
20040704-1.c
20040706-1.c
20040805-1.c
20040811-1.c
20040820-1.c
20040823-1.c
20040831-1.c
20040917-1.c
20041019-1.c
20041112-1.c
20041113-1.c
20041114-1.c
20041126-1.c
20041210-1.c
20041212-1.c
20041213-2.c
20041218-1.c
20050104-1.c
20050106-1.c
20050107-1.c
20050111-1.c
20050119-1.c
20050119-2.c
20050124-1.c
20050125-1.c
20050131-1.c
20050203-1.c
20050215-1.c
20050218-1.c
20050224-1.c
20050410-1.c
20050502-1.c
20050502-2.c
20050713-1.c
20050826-1.c
20050826-2.c
20051021-1.c
20051104-1.c
20051110-1.c
20051110-2.c
20051113-1.c
20051215-1.c
20060102-1.c
20060110-1.c
20060110-2.c
20060127-1.c
20060412-1.c
20060905-1.c
20060910-1.c
20060929-1.c
20060930-1.c
20060930-2.c
20061031-1.c
20061101-1.c
20061101-2.c
20070201-1.c
20070212-1.c
20070212-2.c
20070212-3.c
20070424-1.c
20070517-1.c
20070623-1.c
20070724-1.c
20071011-1.c
20071018-1.c
20071029-1.c
20071030-1.c
20071108-1.c
20071120-1.c
20071202-1.c
20071205-1.c
20071213-1.c
20071216-1.c
20071219-1.c
20080117-1.c
20080122-1.c
20080222-1.c
20080408-1.c
20080424-1.c
20080506-1.c
20080506-2.c
20080519-1.c
20080522-1.c
20080529-1.c
20080604-1.c
20080719-1.c
20080813-1.c
20081103-1.c
20081112-1.c
20081117-1.c
20081218-1.c
20090113-1.c
20090113-2.c
20090113-3.c
20090207-1.c
20090527-1.c
20090623-1.c
20090711-1.c
20090814-1.c
20091229-1.c
20100209-1.c
20100316-1.c
20100416-1.c
20100708-1.c
20100805-1.c
20100827-1.c
20101013-1.c
20101025-1.c
20110418-1.c
20111208-1.c
20111212-1.c
20111227-1.c
20120105-1.c
20120111-1.c
20120207-1.c
20120427-1.c
20120427-2.c
20120615-1.c
20120808-1.c
20120817-1.c
20120919-1.c
20121108-1.c
20131127-1.c
20140212-1.c
20140212-2.c
20140326-1.c
20140425-1.c
20140622-1.c
20140828-1.c
20141022-1.c
20141107-1.c
20141125-1.c
20150611-1.c
20170111-1.c
20170401-1.c
20170401-2.c
20170419-1.c
20171008-1.c
20180112-1.c
20180131-1.c
20180226-1.c
20181120-1.c
20190228-1.c
900409-1.c
920202-1.c
920409-1.c
920410-1.c
920411-1.c
920428-1.c
920429-1.c
920501-2.c
920501-6.c
920501-8.c
920501-9.c
920506-1.c
920520-1.c
920603-1.c
920604-1.c
920612-1.c
920618-1.c
920710-1.c
920711-1.c
920721-1.c
920721-2.c
920721-3.c
920726-1.c
920728-1.c
920730-1.c
920731-1.c
920810-1.c
920812-1.c
920829-1.c
920908-2.c
920909-1.c
920922-1.c
920929-1.c
921006-1.c
921007-1.c
921013-1.c
921016-1.c
921019-1.c
921019-2.c
921029-1.c
921104-1.c
921110-1.c
921112-1.c
921113-1.c
921117-1.c
921123-1.c
921123-2.c
921124-1.c
921202-2.c
921204-1.c
921207-1.c
921208-1.c
921218-1.c
921218-2.c
930106-1.c
930111-1.c
930123-1.c
930126-1.c
930208-1.c
930408-1.c
930429-1.c
930429-2.c
930513-1.c
930513-2.c
930518-1.c
930526-1.c
930527-1.c
930529-1.c
930603-1.c
930603-2.c
930603-3.c
930608-1.c
930614-1.c
930614-2.c
930621-1.c
930622-1.c
930622-2.c
930628-1.c
930630-1.c
930702-1.c
930713-1.c
930718-1.c
930719-1.c
930725-1.c
930818-1.c
930916-1.c
930921-1.c
930929-1.c
930930-1.c
930930-2.c
931004-1.c
931004-11.c
931004-13.c
931004-3.c
931004-5.c
931004-7.c
931004-9.c
931005-1.c
931009-1.c
931012-1.c
931017-1.c
931018-1.c
931031-1.c
931102-1.c
931102-2.c
931110-1.c
931110-2.c
931208-1.c
931228-1.c
940115-1.c
940122-1.c
941014-2.c
941015-1.c
941021-1.c
941025-1.c
941031-1.c
941101-1.c
941110-1.c
950221-1.c
950322-1.c
950426-1.c
950426-2.c
950503-1.c
950511-1.c
950512-1.c
950605-1.c
950607-1.c
950607-2.c
950612-1.c
950621-1.c
950628-1.c
950704-1.c
950706-1.c
950710-1.c
950714-1.c
950809-1.c
950906-1.c
950915-1.c
950929-1.c
951003-1.c
951115-1.c
951204-1.c
960116-1.c
960117-1.c
960209-1.c
960215-1.c
960218-1.c
960219-1.c
960301-1.c
960302-1.c
960311-1.c
960311-2.c
960311-3.c
960317-1.c
960321-1.c
960326-1.c
960327-1.c
960402-1.c
960405-1.c
960419-1.c
960419-2.c
960513-1.c
960521-1.c
960608-1.c
960801-1.c
960802-1.c
960909-1.c
961004-1.c
961017-1.c
961017-2.c
961026-1.c
961112-1.c
961122-1.c
961122-2.c
961125-1.c
961206-1.c
961213-1.c
961223-1.c
970214-1.c
970214-2.c
970923-1.c
980205.c
980223.c
980424-1.c
980505-1.c
980505-2.c
980506-1.c
980506-2.c
980506-3.c
980526-2.c
980526-3.c
980602-1.c
980602-2.c
980604-1.c
980605-1.c
980608-1.c
980612-1.c
980617-1.c
980618-1.c
980701-1.c
980707-1.c
980709-1.c
980716-1.c
980929-1.c
981001-1.c
981019-1.c
981130-1.c
981206-1.c
990106-1.c
990106-2.c
990117-1.c
990127-1.c
990127-2.c
990128-1.c
990211-1.c
990222-1.c
990324-1.c
990326-1.c
990404-1.c
990513-1.c
990525-1.c
990525-2.c
990527-1.c
990531-1.c
990604-1.c
990628-1.c
990804-1.c
990811-1.c
990826-0.c
990827-1.c
990829-1.c
990923-1.c
991016-1.c
991019-1.c
991023-1.c
991030-1.c
991118-1.c
991201-1.c
991202-1.c
991202-2.c
991202-3.c
991216-1.c
991216-2.c
991216-4.c
991221-1.c
991228-1.c
alias-1.c
align-1.c
align-2.c
arith-1.c
arith-rand-ll.c
arith-rand.c
ashldi-1.c
ashrdi-1.c
bf-layout-1.c
bf-pack-1.c
bf-sign-1.c
bf-sign-2.c
bf64-1.c
bitfld-1.c
bitfld-2.c
bitfld-4.c
bitfld-5.c
bitfld-6.c
bitfld-7.c
bswap-1.c
bswap-2.c
builtin-prefetch-1.c
builtin-prefetch-2.c
builtin-prefetch-4.c
builtin-prefetch-5.c
builtin-prefetch-6.c
cbrt.c
cmpdi-1.c
cmpsf-1.c
cmpsi-1.c
