20000121-1.c
20000703-1.c
20000706-1.c
20000706-2.c
20000706-3.c
20000706-4.c
20000706-5.c
20000707-1.c
20000715-1.c
20000715-2.c
20000717-4.c
20000801-1.c
20000801-2.c
20000910-1.c
20000910-2.c
20001011-1.c
20001026-1.c
20001031-1.c
20001203-1.c
20010114-1.c
20010116-1.c
20010123-1.c
20010129-1.c
20010224-1.c
20010325-1.c
20010717-1.c
20010910-1.c
20010925-1.c
20011008-3.c
20011019-1.c
20011113-1.c
20011115-1.c
20011126-2.c
20011219-1.c
20011223-1.c
20020103-1.c
20020108-1.c
20020118-1.c
20020127-1.c
20020129-1.c
20020201-1.c
20020206-1.c
20020216-1.c
20020219-1.c
20020225-1.c
20020321-1.c
20020402-1.c
20020402-2.c
20020402-3.c
20020423-1.c
20020503-1.c
20020506-1.c
20020510-1.c
20020614-1.c
20020716-1.c
20020720-1.c
20020805-1.c
20020810-1.c
20020911-1.c
20020920-1.c
20021010-2.c
20021011-1.c
20021015-1.c
20021024-1.c
20021111-1.c
20021118-3.c
20021119-1.c
20021204-1.c
20021219-1.c
20030120-2.c
20030203-1.c
20030216-1.c
20030218-1.c
20030221-1.c
20030224-2.c
20030307-1.c
20030313-1.c
20030323-1.c
20030330-1.c
20030401-1.c
20030408-1.c
20030613-1.c
20030626-1.c
20030626-2.c
20030714-1.c
20030715-1.c
20030717-1.c
20030718-1.c
20030811-1.c
20030821-1.c
20030909-1.c
20030920-1.c
20031011-1.c
20031020-1.c
20031214-1.c
20031215-1.c
20031216-1.c
20040309-1.c
20040311-1.c
20040313-1.c
20040331-1.c
20040409-1.c
20040409-1w.c
20040409-2.c
20040409-2w.c
20040409-3.c
20040409-3w.c
20040704-1.c
20040811-1.c
20040820-1.c
20040823-1.c
20040831-1.c
20041112-1.c
20041114-1.c
20041126-1.c
20041213-2.c
20041218-1.c
20050104-1.c
20050106-1.c
20050107-1.c
20050111-1.c
20050119-1.c
20050119-2.c
20050124-1.c
20050125-1.c
20050131-1.c
20050203-1.c
20050215-1.c
20050218-1.c
20050224-1.c
20050502-1.c
20050502-2.c
20050713-1.c
20050826-1.c
20050826-2.c
20051021-1.c
20051104-1.c
20051110-1.c
20051110-2.c
20051215-1.c
20060102-1.c
20060110-1.c
20060110-2.c
20060127-1.c
20060412-1.c
20060905-1.c
20060910-1.c
20060929-1.c
20060930-1.c
20060930-2.c
20061031-1.c
20061101-1.c
20061101-2.c
20070201-1.c
20070212-1.c
20070212-2.c
20070212-3.c
20070424-1.c
20070517-1.c
20070724-1.c
20071011-1.c
20071029-1.c
20071030-1.c
20071108-1.c
20071202-1.c
20071205-1.c
20071213-1.c
20071216-1.c
20071219-1.c
20080117-1.c
20080122-1.c
20080222-1.c
20080408-1.c
20080424-1.c
20080506-1.c
20080506-2.c
20080519-1.c
20080522-1.c
20080529-1.c
20080604-1.c
20080719-1.c
20080813-1.c
20081103-1.c
20081112-1.c
20081117-1.c
20081218-1.c
20090113-1.c
20090113-2.c
20090113-3.c
20090207-1.c
20090527-1.c
20090623-1.c
20090711-1.c
20090814-1.c
20100209-1.c
20100316-1.c
20100416-1.c
20100708-1.c
20100805-1.c
20100827-1.c
20101013-1.c
20110418-1.c
20111208-1.c
20111212-1.c
20111227-1.c
20120105-1.c
20120111-1.c
20120207-1.c
20120615-1.c
20120808-1.c
20120919-1.c
20131127-1.c
20140212-1.c
20140212-2.c
20140326-1.c
20140425-1.c
20140622-1.c
20140828-1.c
20141022-1.c
20141107-1.c
20141125-1.c
20150611-1.c
20170111-1.c
20170401-1.c
20170419-1.c
20171008-1.c
20180112-1.c
20180131-1.c
20180226-1.c
20181120-1.c
20190228-1.c
20190820-1.c
20190901-1.c
20191023-1.c
920612-1.c
920711-1.c
920810-1.c
930529-1.c
941014-2.c
960521-1.c
980707-1.c
990127-1.c
990127-2.c
990211-1.c
alias-1.c
alias-access-path-1.c
alias-access-path-2.c
ashldi-1.c
ashrdi-1.c
bitfld-1.c
bitfld-2.c
bitfld-4.c
bitfld-5.c
bitfld-6.c
bitfld-7.c
bitfld-8.c
bitfld-9.c
bswap-1.c
bswap-2.c
bswap-3.c
compare-1.c
compare-2.c
compare-3.c
const-addr-expr-1.c
divcmp-1.c
divcmp-2.c
divcmp-3.c
divcmp-4.c
divcmp-5.c
doloop-1.c
doloop-2.c
enum-3.c
float-floor.c
floatunsisf-1.c
fprintf-1.c
ifcvt-onecmpl-abs-1.c
ipa-sra-1.c
ipa-sra-2.c
loop-12.c
loop-9.c
loop-ivopts-1.c
loop-ivopts-2.c
lshrdi-1.c
lto-tbaa-1.c
mayalias-1.c
mayalias-2.c
mayalias-3.c
memchr-1.c
memset-4.c
mode-dependent-address.c
packed-2.c
packed-aligned.c
postmod-1.c
pr16790-1.c
pr17078-1.c
pr17133.c
pr19005.c
pr19449.c
pr19515.c
pr19687.c
pr19689.c
pr20100-1.c
pr20187-1.c
pr20466-1.c
pr20527-1.c
pr20601-1.c
pr20621-1.c
pr21173.c
pr21331.c
pr22098-1.c
pr22098-2.c
pr22098-3.c
pr22141-1.c
pr22141-2.c
pr22348.c
pr22429.c
pr22493-1.c
pr22630.c
pr23047.c
pr23604.c
pr23941.c
pr24141.c
pr24142.c
pr24716.c
pr24851.c
pr25125.c
pr25737.c
pr27260.c
pr27285.c
pr27671-1.c
pr28651.c
pr28778.c
pr28982a.c
pr28982b.c
pr29006.c
pr29156.c
pr29695-1.c
pr29695-2.c
pr29797-1.c
pr29797-2.c
pr29798.c
pr30185.c
pr30778.c
pr31072.c
pr31136.c
pr31169.c
pr31448-2.c
pr31448.c
pr32244-1.c
pr32500.c
pr33142.c
pr33631.c
pr33669.c
pr33779-1.c
pr33779-2.c
pr33870-1.c
pr33870.c
pr33992.c
pr34070-1.c
pr34070-2.c
pr34099-2.c
pr34099.c
pr34130.c
pr34176.c
pr34415.c
pr34456.c
pr34768-1.c
pr34768-2.c
pr34971.c
pr34982.c
pr35163.c
pr35231.c
pr35390.c
pr35472.c
pr35800.c
pr36034-1.c
pr36034-2.c
pr36038.c
pr36077.c
pr36339.c
pr36343.c
pr36691.c
pr37102.c
pr37125.c
pr37573.c
pr37882.c
pr37924.c
pr37931.c
pr38048-1.c
pr38048-2.c
pr38051.c
pr38212.c
pr38236.c
pr38422.c
pr38819.c
pr39100.c
pr39120.c
pr39233.c
pr39240.c
pr39339.c
pr39501.c
pr40057.c
pr40386.c
pr40404.c
pr40493.c
pr40579.c
pr40668.c
pr40747.c
pr41317.c
pr41395-1.c
pr41395-2.c
pr41463.c
pr41750.c
pr41917.c
pr41919.c
pr42006.c
pr42142.c
pr42154.c
pr42231.c
pr42269-2.c
pr42512.c
pr42544.c
pr42570.c
pr42691.c
pr42721.c
pr42833.c
pr43220.c
pr43236.c
pr43269.c
pr43438.c
pr43629.c
pr43784.c
pr43835.c
pr43987.c
pr44164.c
pr44202-1.c
pr44468.c
pr44555.c
pr44683.c
pr44828.c
pr44852.c
pr44858.c
pr44942.c
pr45034.c
pr45070.c
pr45262.c
pr46019.c
pr46316.c
pr46909-1.c
pr46909-2.c
pr47148.c
pr47155.c
pr47299.c
pr47337.c
pr47538.c
pr47925.c
pr48197.c
pr48571-1.c
pr48717.c
pr48809.c
pr48814-1.c
pr48814-2.c
pr48973-1.c
pr48973-2.c
pr49039.c
pr49073.c
pr49123.c
pr49161.c
pr49186.c
pr49218.c
pr49281.c
pr49419.c
pr49712.c
pr49768.c
pr49886.c
pr50865.c
pr51023.c
pr51323.c
pr51466.c
pr51581-1.c
pr51581-2.c
pr52129.c
pr52209.c
pr52760.c
pr52979-1.c
pr52979-2.c
pr53084.c
pr53465.c
pr53688.c
pr54471.c
pr54937.c
pr54985.c
pr55137.c
pr55750.c
pr56051.c
pr56250.c
pr56899.c
pr56962.c
pr57124.c
pr57130.c
pr57131.c
pr57144.c
pr57281.c
pr57321.c
pr57568.c
pr57829.c
pr57860.c
pr57861.c
pr57875.c
pr57876.c
pr57877.c
pr58209.c
pr58277-1.c
pr58277-2.c
pr58364.c
pr58365.c
pr58385.c
pr58387.c
pr58419.c
pr58431.c
pr58564.c
pr58570.c
pr58574.c
pr58640-2.c
pr58662.c
pr58726.c
pr58831.c
pr58943.c
pr58984.c
pr59014-2.c
pr59014.c
pr59101.c
pr59221.c
pr59229.c
pr59358.c
pr59387.c
pr59388.c
pr59413.c
pr59643.c
pr59747.c
pr60017.c
pr60062.c
pr60072.c
pr60454.c
pr60822.c
pr61306-1.c
pr61306-2.c
pr61306-3.c
pr61375.c
pr61517.c
pr61673.c
pr61682.c
pr62151.c
pr63209.c
pr63302.c
pr63659.c
pr63843.c
pr64255.c
pr64260.c
pr64682.c
pr64718.c
pr64756.c
pr64957.c
pr64979.c
pr65053-1.c
pr65170.c
pr65215-1.c
pr65215-2.c
pr65215-3.c
pr65215-4.c
pr65215-5.c
pr65216.c
pr65369.c
pr65401.c
pr65418-1.c
pr65418-2.c
pr66187.c
pr66233.c
pr66757.c
pr66940.c
pr67226.c
pr67714.c
pr67781.c
pr67929_1.c
pr68143_1.c
pr68185.c
pr68250.c
pr68321.c
pr68376-1.c
pr68376-2.c
pr68390.c
pr68506.c
pr68532.c
pr68624.c
pr68648.c
pr68841.c
pr68911.c
pr69097-1.c
pr69097-2.c
pr69320-1.c
pr69320-3.c
pr69320-4.c
pr69403.c
pr69447.c
pr69691.c
pr70005.c
pr70127.c
pr70222-1.c
pr70222-2.c
pr70429.c
pr70566.c
pr70586.c
pr70602.c
pr71083.c
pr71550.c
pr71700.c
pr7284-1.c
pr77718.c
pr77766.c
pr78170.c
pr78378.c
pr78436.c
pr78477.c
pr78559.c
pr78617.c
pr78622.c
pr78675.c
pr78720.c
pr78791.c
pr78856.c
pr79043.c
pr79121.c
pr79286.c
pr79388.c
pr79450.c
pr79737-1.c
pr80153.c
pr80501.c
pr81281.c
pr81423.c
pr81503.c
pr81555.c
pr81556.c
pr81913.c
pr82192.c
pr82387.c
pr82388.c
pr82524.c
pr83269.c
pr83298.c
pr83362.c
pr83383.c
pr83477.c
pr84169.c
pr84748.c
pr85095.c
pr85529-2.c
pr85582-1.c
pr85582-2.c
pr85582-3.c
pr85756.c
pr86231.c
pr86492.c
pr86659-1.c
pr86659-2.c
pr86714.c
pr86844.c
pr87053.c
pr87290.c
pr87623.c
pr88693.c
pr88714.c
pr88739.c
pr88904.c
pr89369.c
pr89634.c
pr89826.c
pr90025.c
pr90949.c
pr91137.c
pr91597.c
pr91632.c
pr92140.c
pr93402.c
pr93582.c
pr93744-2.c
pr93744-3.c
pr93908.c
pr94134.c
pr94567.c
pr94724.c
pr94734.c
pr94809.c
pr95731.c
pr96549.c
pr97073.c
pr97386-1.c
pr97386-2.c
pr97404.c
pr97421-1.c
pr97421-2.c
pr97421-3.c
pr97695.c
pr97764.c
pr97836.c
pr97888-1.c
pr97888-2.c
pr98727.c
pr98736.c
pr98853-1.c
pr98853-2.c
pr99079.c
pr99751.c
printf-1.c
pta-field-1.c
pta-field-2.c
pure-1.c
shiftdi-2.c
shiftdi.c
shiftopt-1.c
ssad-run.c
stdarg-1.c
stdarg-2.c
stdarg-4.c
strcpy-2.c
string-opt-17.c
strlen-2.c
strlen-3.c
strlen-4.c
strlen-5.c
strlen-6.c
struct-aliasing-1.c
struct-cpy-1.c
switch-1.c
usad-run.c
va-arg-21.c
va-arg-24.c
va-arg-trap-1.c
vfprintf-1.c
vla-dealloc-1.c
vprintf-1.c
vrp-1.c
vrp-2.c
vrp-3.c
vrp-4.c
vrp-5.c
vrp-6.c
vrp-7.c
wchar_t-1.c
widechar-3.c
zero-struct-1.c
zerolen-1.c
zerolen-2.c
