csmith.c
csmith2.c
fp.c
paramarray.c
sizeof.c
sqlite.c
sqlite2.c
