20000121-1.c
20000224-1.c
20000225-1.c
20000227-1.c
20000412-2.c
20000412-5.c
20000412-6.c
20000419-1.c
20000422-1.c
20000519-2.c
20000523-1.c
20000706-1.c
20000706-2.c
20000706-3.c
20000706-4.c
20000706-5.c
20000707-1.c
20000715-1.c
20000717-1.c
20000717-2.c
20000717-3.c
20000717-5.c
20000726-1.c
20000801-1.c
20000808-1.c
20000818-1.c
20001013-1.c
20001017-2.c
20001027-1.c
20001112-1.c
20001121-1.c
20001130-1.c
20010106-1.c
20010114-1.c
20010119-1.c
20010206-1.c
20010221-1.c
20010222-1.c
20010224-1.c
20010403-1.c
20010422-1.c
20010518-1.c
20010520-1.c
20010604-1.c
20010711-1.c
20010717-1.c
20010925-1.c
20011109-1.c
20011109-2.c
20011115-1.c
20011126-1.c
20011219-1.c
20020118-1.c
20020201-1.c
20020213-1.c
20020321-1.c
20020402-1.c
20020611-1.c
20020720-1.c
20020805-1.c
20020819-1.c
20020904-1.c
20020911-1.c
20020916-1.c
20021010-1.c
20021010-2.c
20021118-3.c
20021119-1.c
20021120-2.c
20030117-1.c
20030120-2.c
20030125-1.c
20030203-1.c
20030209-1.c
20030216-1.c
20030307-1.c
20030316-1.c
20030323-1.c
20030330-1.c
20030403-1.c
20030404-1.c
20030626-1.c
20030718-1.c
20030828-1.c
20030903-1.c
20030913-1.c
20031010-1.c
20031011-1.c
20031020-1.c
20031214-1.c
20031216-1.c
20040313-1.c
20040319-1.c
20040625-1.c
20040820-1.c
20040917-1.c
20041019-1.c
20041210-1.c
20041213-2.c
20050104-1.c
20050124-1.c
20050131-1.c
20050410-1.c
20050713-1.c
20051021-1.c
20051104-1.c
20051215-1.c
20060102-1.c
20060127-1.c
20060930-1.c
20061101-1.c
20061101-2.c
20070201-1.c
20070212-2.c
20070517-1.c
20070724-1.c
20071011-1.c
20071205-1.c
20080408-1.c
20080506-1.c
20080506-2.c
20080522-1.c
20081112-1.c
20090207-1.c
20090623-1.c
20090711-1.c
20091229-1.c
20100209-1.c
20101013-1.c
20101025-1.c
20111227-1.c
20120427-1.c
20120427-2.c
20120615-1.c
20120817-1.c
20140326-1.c
20170401-2.c
920202-1.c
920409-1.c
920410-1.c
920429-1.c
920506-1.c
920520-1.c
920604-1.c
920721-1.c
920812-1.c
920829-1.c
920909-1.c
921019-1.c
921019-2.c
930106-1.c
930111-1.c
930408-1.c
930429-1.c
930513-2.c
930527-1.c
930603-2.c
930614-1.c
930614-2.c
930621-1.c
930622-1.c
930630-1.c
930713-1.c
930719-1.c
930818-1.c
930929-1.c
931004-1.c
931004-11.c
931004-13.c
931004-3.c
931004-5.c
931004-7.c
931004-9.c
931005-1.c
931017-1.c
931018-1.c
931110-1.c
931110-2.c
931208-1.c
931228-1.c
941021-1.c
941025-1.c
941031-1.c
941101-1.c
941110-1.c
950426-2.c
950607-1.c
950607-2.c
950612-1.c
950706-1.c
950915-1.c
960219-1.c
960302-1.c
960402-1.c
960419-2.c
960608-1.c
960830-1.c
961004-1.c
961017-2.c
961026-1.c
961112-1.c
961122-1.c
970923-1.c
980424-1.c
980505-1.c
980505-2.c
980506-2.c
980604-1.c
980605-1.c
980617-1.c
980618-1.c
980701-1.c
980709-1.c
981001-1.c
981019-1.c
981130-1.c
981206-1.c
990117-1.c
990404-1.c
990525-2.c
990527-1.c
990604-1.c
990804-1.c
990826-0.c
990827-1.c
990829-1.c
990923-1.c
991019-1.c
991023-1.c
991030-1.c
991202-2.c
991202-3.c
991216-1.c
991216-4.c
bf-pack-1.c
bf-sign-2.c
cmpsf-1.c
compare-3.c
complex-3.c
cvt-1.c
divcmp-2.c
divcmp-3.c
divcmp-4.c
divcmp-5.c
divconst-2.c
divconst-3.c
divmod-1.c
enum-1.c
extzvsi.c
float-floor.c
20001122-1.c
920518-1.c
980619-1.c
fp-cmp-4e.c
fp-cmp-8e.c
pr28634.c
index-1.c
inst-check.c
loop-1.c
loop-10.c
loop-11.c
loop-3b.c
loop-5.c
loop-6.c
mayalias-1.c
mod-1.c
multdi-1.c
packed-1.c
packed-2.c
pending-4.c
pr17252.c
pr19606.c
pr19689.c
pr20466-1.c
pr20621-1.c
pr21964-1.c
pr22061-2.c
pr22348.c
pr22429.c
pr24141.c
pr24142.c
pr25125.c
pr27260.c
pr27671-1.c
pr29797-1.c
pr29797-2.c
pr29798.c
pr31605.c
pr33779-1.c
pr33779-2.c
pr34099-2.c
pr34099.c
pr34415.c
pr34982.c
pr35231.c
pr35472.c
pr36343.c
pr37102.c
pr37931.c
pr38212.c
pr38236.c
pr38422.c
pr39120.c
pr40747.c
pr42006.c
pr42512.c
pr44202-1.c
pr44828.c
pr44858.c
pr46316.c
pr46909-2.c
pr47299.c
pr48809.c
pr49281.c
pr51023.c
pr51323.c
pr52209.c
pr53084.c
pr53465.c
pr56799.c
pr57131.c
pr57144.c
pr57876.c
pr57877.c
pr58365.c
pr58385.c
pr58387.c
pr58640-2.c
pr59388.c
pr59747.c
pr70586.c
pr7284-1.c
pr82388.c
pure-1.c
scope-1.c
strct-pack-1.c
strct-pack-2.c
strct-pack-3.c
strct-pack-4.c
struct-ret-2.c
switch-1.c
unroll-1.c
usmul.c
vrp-4.c
