82_attribs_position.c
84_hex-float.c
91_ptr_longlong_arith32.c
