assets/tcc-0.9.27/tests/tests2/60_errors_and_warnings.c
assets/tcc-0.9.27/tests/tests2/82_attribs_position.c
assets/tcc-0.9.27/tests/tests2/84_hex-float.c
assets/tcc-0.9.27/tests/tests2/85_asm-outside-function.c
assets/tcc-0.9.27/tests/tests2/96_nodata_wanted.c
