assets/tcc-0.9.27/tests/tests2/82_attribs_position.c
assets/tcc-0.9.27/tests/tests2/91_ptr_longlong_arith32.c
