assets/tcc-0.9.27/tests/tests2/00_assignment.c
assets/tcc-0.9.27/tests/tests2/01_comment.c
assets/tcc-0.9.27/tests/tests2/02_printf.c
assets/tcc-0.9.27/tests/tests2/03_struct.c
assets/tcc-0.9.27/tests/tests2/04_for.c
assets/tcc-0.9.27/tests/tests2/05_array.c
assets/tcc-0.9.27/tests/tests2/06_case.c
assets/tcc-0.9.27/tests/tests2/07_function.c
assets/tcc-0.9.27/tests/tests2/08_while.c
assets/tcc-0.9.27/tests/tests2/09_do_while.c
assets/tcc-0.9.27/tests/tests2/10_pointer.c
assets/tcc-0.9.27/tests/tests2/11_precedence.c
assets/tcc-0.9.27/tests/tests2/12_hashdefine.c
assets/tcc-0.9.27/tests/tests2/13_integer_literals.c
assets/tcc-0.9.27/tests/tests2/14_if.c
assets/tcc-0.9.27/tests/tests2/15_recursion.c
assets/tcc-0.9.27/tests/tests2/16_nesting.c
assets/tcc-0.9.27/tests/tests2/17_enum.c
assets/tcc-0.9.27/tests/tests2/18_include.c
assets/tcc-0.9.27/tests/tests2/19_pointer_arithmetic.c
assets/tcc-0.9.27/tests/tests2/20_pointer_comparison.c
assets/tcc-0.9.27/tests/tests2/21_char_array.c
assets/tcc-0.9.27/tests/tests2/23_type_coercion.c
assets/tcc-0.9.27/tests/tests2/25_quicksort.c
assets/tcc-0.9.27/tests/tests2/26_character_constants.c
assets/tcc-0.9.27/tests/tests2/27_sizeof.c
assets/tcc-0.9.27/tests/tests2/28_strings.c
assets/tcc-0.9.27/tests/tests2/29_array_address.c
assets/tcc-0.9.27/tests/tests2/30_hanoi.c
assets/tcc-0.9.27/tests/tests2/31_args.c
assets/tcc-0.9.27/tests/tests2/32_led.c
assets/tcc-0.9.27/tests/tests2/33_ternary_op.c
assets/tcc-0.9.27/tests/tests2/34_array_assignment.c
assets/tcc-0.9.27/tests/tests2/35_sizeof.c
assets/tcc-0.9.27/tests/tests2/36_array_initialisers.c
assets/tcc-0.9.27/tests/tests2/37_sprintf.c
assets/tcc-0.9.27/tests/tests2/38_multiple_array_index.c
assets/tcc-0.9.27/tests/tests2/39_typedef.c
assets/tcc-0.9.27/tests/tests2/40_stdio.c
assets/tcc-0.9.27/tests/tests2/41_hashif.c
assets/tcc-0.9.27/tests/tests2/42_function_pointer.c
assets/tcc-0.9.27/tests/tests2/43_void_param.c
assets/tcc-0.9.27/tests/tests2/44_scoped_declarations.c
assets/tcc-0.9.27/tests/tests2/45_empty_for.c
assets/tcc-0.9.27/tests/tests2/47_switch_return.c
assets/tcc-0.9.27/tests/tests2/48_nested_break.c
assets/tcc-0.9.27/tests/tests2/49_bracket_evaluation.c
assets/tcc-0.9.27/tests/tests2/50_logical_second_arg.c
assets/tcc-0.9.27/tests/tests2/51_static.c
assets/tcc-0.9.27/tests/tests2/52_unnamed_enum.c
assets/tcc-0.9.27/tests/tests2/55_lshift_type.c
assets/tcc-0.9.27/tests/tests2/60_errors_and_warnings.c
assets/tcc-0.9.27/tests/tests2/64_macro_nesting.c
assets/tcc-0.9.27/tests/tests2/67_macro_concat.c
assets/tcc-0.9.27/tests/tests2/70_floating_point_literals.c
assets/tcc-0.9.27/tests/tests2/71_macro_empty_arg.c
assets/tcc-0.9.27/tests/tests2/72_long_long_constant.c
assets/tcc-0.9.27/tests/tests2/77_push_pop_macro.c
assets/tcc-0.9.27/tests/tests2/81_types.c
assets/tcc-0.9.27/tests/tests2/82_attribs_position.c
assets/tcc-0.9.27/tests/tests2/83_utf8_in_identifiers.c
assets/tcc-0.9.27/tests/tests2/84_hex-float.c
assets/tcc-0.9.27/tests/tests2/85_asm-outside-function.c
assets/tcc-0.9.27/tests/tests2/92_enum_bitfield.c
assets/tcc-0.9.27/tests/tests2/96_nodata_wanted.c
assets/tcc-0.9.27/tests/tests2/98_al_ax_extend.c
